☒ C:\WINDOWS\system32\Cmd X + v _ ☐ X
)
pers
Clean Acct: 2406855
S:\Shared Folders\INA\AofA>(
set Agent=007062
set Ext=
)
Clean Agent: 007062
Ext:
Ext: 1 file(s) copied.
1 file(s) copied.
S:\Shared Folders\INA\AofA>echo move complete, invalids now
move complete, invalids now
S:\Shared Folders\INA\AofA>REM back loop through all files remaining and move to invalid folder
S:\Shared Folders\INA\AofA>for /F "delims=" %F in ('dir /b *.*') do (
"%~F" "S:\Shared
copy Folders\INA\AofA Invalid"
del "%~F"
REM 2 commands above should be copy/del
)
S:\Shared Folders\INA\AofA>endlocal
S:\Shared Folders\INA\AofA>goto :eof
S:\Shared Folders\INA\AofA>